// Jest Snapshot v1, https://goo.gl/fbAQLP

exports[`Affiliation model helpers creates affilitioan state from XML 1`] = `
Array [
  Affiliation {
    "_id": "aff1",
    "address": Object {
      "city": "Cambridge",
    },
    "country": "United Kingdom",
    "institution": Object {
      "name": "Production Department, eLife Sciences",
    },
    "label": "1",
  },
  Affiliation {
    "_id": "aff2",
    "address": Object {
      "city": "City",
    },
    "country": "Country",
    "institution": Object {
      "name": "Department, University",
    },
    "label": "2",
  },
]
`;

exports[`Affiliation model helpers creates an affiliation with specified data 1`] = `
Affiliation {
  "_id": "unique_id",
  "address": Object {
    "city": "Cambridge",
  },
  "country": "UK",
  "institution": Object {
    "name": "eLife",
  },
  "label": "label",
}
`;

exports[`Affiliation model helpers creates an affiliation with specified data and ID 1`] = `
Affiliation {
  "_id": "unique_id",
  "address": Object {
    "city": "Cambridge",
  },
  "country": "UK",
  "institution": Object {
    "name": "eLife",
  },
  "label": "label",
}
`;
