// Jest Snapshot v1, https://goo.gl/fbAQLP

exports[`Manuscript state factory creates body state 1`] = `
Object {
  "doc": Object {
    "content": Array [
      Object {
        "content": Array [
          Object {
            "text": "A sample ",
            "type": "text",
          },
          Object {
            "marks": Array [
              Object {
                "type": "italic",
              },
            ],
            "text": "text",
            "type": "text",
          },
          Object {
            "text": " with ",
            "type": "text",
          },
          Object {
            "marks": Array [
              Object {
                "type": "subscript",
              },
            ],
            "text": "a",
            "type": "text",
          },
          Object {
            "text": " variety of ",
            "type": "text",
          },
          Object {
            "marks": Array [
              Object {
                "type": "superscript",
              },
            ],
            "text": "tags",
            "type": "text",
          },
        ],
        "type": "paragraph",
      },
    ],
    "type": "doc",
  },
  "selection": Object {
    "anchor": 1,
    "head": 1,
    "type": "text",
  },
}
`;
