// Jest Snapshot v1, https://goo.gl/fbAQLP

exports[`Person model helpers creates authors state 1`] = `
Array [
  Object {
    "affiliations": Array [],
    "bio": Object {
      "doc": Object {
        "content": Array [
          Object {
            "type": "paragraph",
          },
        ],
        "type": "doc",
      },
      "selection": Object {
        "anchor": 1,
        "head": 1,
        "type": "text",
      },
    },
    "competingInterestStatement": "",
    "email": "f.atherden@elifesciences.org",
    "firstName": "Fred",
    "hasCompetingInterest": false,
    "id": "unique_id",
    "isAuthenticated": true,
    "isCorrespondingAuthor": false,
    "lastName": "Atherden",
    "orcid": "0000-0002-6048-1470",
    "suffix": "Capt.",
  },
]
`;
