// Jest Snapshot v1, https://goo.gl/fbAQLP

exports[`RichTextInput should render component 1`] = `
<div
  className="makeStyles-container-1 makeStyles-root-5 makeStyles-outlinedVariant-6"
>
  <label
    className="makeStyles-label-8"
  >
    Test Editor Input
  </label>
  <div
    data-cmp="ToggleButtonGroup"
  />
  <div
    className="prosemirrorContainer"
  />
</div>
`;
