// Jest Snapshot v1, https://goo.gl/fbAQLP

exports[`Authors details info renders affiliations list 1`] = `
<section>
  <div
    className="makeStyles-root-7 makeStyles-plainVariant-9"
  >
    <label
      className="makeStyles-label-10"
    >
      Affiliations
    </label>
    <div
      className="makeStyles-listItem-2"
    >
      <div
        className="makeStyles-orderLabel-4"
      >
        (
        1
        )
      </div>
      <div
        className="makeStyles-affiliationInfo-3"
      >
        Production Department, eLife Sciences, Cambridge, United Kingdom
      </div>
      <div
        data-cmp="IconButton"
      />
    </div>
    <div
      className="makeStyles-listItem-2"
    >
      <div
        className="makeStyles-orderLabel-4"
      >
        (
        2
        )
      </div>
      <div
        className="makeStyles-affiliationInfo-3"
      >
        Department, University, City, Country
      </div>
      <div
        data-cmp="IconButton"
      />
    </div>
  </div>
  <div
    data-cmp="Button"
  />
</section>
`;
