// Jest Snapshot v1, https://goo.gl/fbAQLP

exports[`Affiliations info renders affiliations list 1`] = `
<section>
  <div
    className="makeStyles-root-8 makeStyles-plainVariant-10"
  >
    <label
      className="makeStyles-label-11"
    >
      Affiliations
    </label>
    <ul
      className="makeStyles-root-1"
    />
  </div>
  <div
    data-cmp="Button"
  />
</section>
`;
