// Jest Snapshot v1, https://goo.gl/fbAQLP

exports[`Sortable authors list renders authors list 1`] = `
<section>
  <div
    className="makeStyles-root-5 makeStyles-plainVariant-7"
  >
    <label
      className="makeStyles-label-8"
    >
      Authors
    </label>
    <div
      className="makeStyles-sortableContainer-1"
    >
       
      <div
        data-cmp="chip"
      >
        <span>
          Fred Atherden
          <sup />
        </span>
      </div>
      <div
        data-cmp="chip"
      >
        <span>
          Jeanine Smith III
          <sup />
        </span>
      </div>
       
    </div>
  </div>
  <div
    data-cmp="Button"
  />
</section>
`;
