// Jest Snapshot v1, https://goo.gl/fbAQLP

exports[`Article Info Form Dialog renders edit article information dialog 1`] = `
<section
  className="makeStyles-root-1"
>
  <div
    className="container"
  >
    <input
      data-cmp="Select"
      onChange={[Function]}
    />
    <input
      data-cmp="Select"
      onChange={[Function]}
    />
    <div
      data-cmp="TextField"
    />
    <div
      data-cmp="TextField"
    />
    <div
      data-cmp="TextField"
    />
    <div
      data-cmp="TextField"
    />
    <div
      data-cmp="TextField"
    />
    <input
      data-cmp="Select"
      onChange={[Function]}
      value="CC0"
    />
    <div
      className="fullWidth makeStyles-root-6 makeStyles-outlinedVariant-7"
    >
      <label
        className="makeStyles-label-9"
      >
        Permissions
      </label>
      <span />
    </div>
  </div>
  <div
    className="makeStyles-buttonPanel-4"
  >
    <div
      data-cmp="Button"
    />
    <div
      data-cmp="Button"
    />
  </div>
</section>
`;
