// Jest Snapshot v1, https://goo.gl/fbAQLP

exports[`Article Info Form Dialog renders edit article information dialog 1`] = `
<section
  className="makeStyles-root-1"
>
  <div
    className="container"
  >
    <input
      data-cmp="Select"
      onChange={[Function]}
    />
    <input
      data-cmp="Select"
      onChange={[Function]}
    />
    <div
      data-cmp="TextField"
    />
    <div
      data-cmp="TextField"
    />
    <div
      data-cmp="TextField"
    />
    <div
      data-cmp="TextField"
    />
    <div
      data-cmp="TextField"
    />
    <input
      data-cmp="Select"
      onChange={[Function]}
      value="CC0"
    />
    <div
      className="fullWidth makeStyles-root-5 makeStyles-outlinedVariant-6"
    >
      <label
        className="makeStyles-label-8"
      >
        Copyright statement
      </label>
      
    </div>
    <div
      className="fullWidth makeStyles-root-5 makeStyles-outlinedVariant-6"
    >
      <label
        className="makeStyles-label-8"
      >
        Permissions
      </label>
      <div
        dangerouslySetInnerHTML={
          Object {
            "__html": "",
          }
        }
      />
    </div>
  </div>
  <div
    className="makeStyles-buttonPanel-3"
  >
    <div
      data-cmp="Button"
    />
    <div
      data-cmp="Button"
    />
  </div>
</section>
`;
