// Jest Snapshot v1, https://goo.gl/fbAQLP

exports[`<ManuscriptTOC> renders 1`] = `
<nav
  aria-label="mailbox folders"
  className="makeStyles-drawer-1"
>
  <div
    data-cmp="hidden"
  >
    <div
      data-cmp="drawer"
    >
      <section
        aria-hidden="true"
        className="makeStyles-toolbarPlaceholder-3"
      >
        <div
          onClick={[Function]}
        >
          <h1
            className="makeStyles-title-7"
          >
            Libero Editor
          </h1>
          <h3
            className="makeStyles-infoText-8"
          >
            Software: v
            0.0.0-test
          </h3>
          <h3
            className="makeStyles-infoText-8 makeStyles-dtd-9"
          >
            JATS: 
             DTD
          </h3>
          <h3
            className="makeStyles-infoText-8"
          >
            Type: 
          </h3>
        </div>
      </section>
      <div
        data-cmp="divider"
      />
      <div
        data-cmp="list"
      >
        <div
          data-cmp="list-item"
        >
          <div
            data-cmp="list-item-text"
          />
        </div>
        <div
          data-cmp="list-item"
        >
          <div
            data-cmp="list-item-text"
          />
        </div>
      </div>
      <div
        className="makeStyles-whiteSpace-4"
        onClick={[Function]}
      />
      <section
        className="makeStyles-journalMeta-6"
      >
        <div />
        <div>
          ISSN: 
        </div>
      </section>
    </div>
  </div>
  <div
    data-cmp="hidden"
  >
    <div
      data-cmp="drawer"
    >
      <section
        aria-hidden="true"
        className="makeStyles-toolbarPlaceholder-3"
      >
        <div
          onClick={[Function]}
        >
          <h1
            className="makeStyles-title-7"
          >
            Libero Editor
          </h1>
          <h3
            className="makeStyles-infoText-8"
          >
            Software: v
            0.0.0-test
          </h3>
          <h3
            className="makeStyles-infoText-8 makeStyles-dtd-9"
          >
            JATS: 
             DTD
          </h3>
          <h3
            className="makeStyles-infoText-8"
          >
            Type: 
          </h3>
        </div>
      </section>
      <div
        data-cmp="divider"
      />
      <div
        data-cmp="list"
      >
        <div
          data-cmp="list-item"
        >
          <div
            data-cmp="list-item-text"
          />
        </div>
        <div
          data-cmp="list-item"
        >
          <div
            data-cmp="list-item-text"
          />
        </div>
      </div>
      <div
        className="makeStyles-whiteSpace-4"
        onClick={[Function]}
      />
      <section
        className="makeStyles-journalMeta-6"
      >
        <div />
        <div>
          ISSN: 
        </div>
      </section>
    </div>
  </div>
</nav>
`;
