// Jest Snapshot v1, https://goo.gl/fbAQLP

exports[`manuscript editor should render 1`] = `
<div
  className="makeStyles-content-1"
>
  <div
    aria-hidden="true"
    className="makeStyles-toolbarPlaceholder-2"
  />
  <div
    className="makeStyles-root-3 makeStyles-plainVariant-5"
  >
    <label
      className="makeStyles-label-6"
    >
      Title
    </label>
    <div
      className="prosemirrorContainer"
    />
  </div>
  <section>
    <div
      className="makeStyles-root-3 makeStyles-plainVariant-5"
    >
      <label
        className="makeStyles-label-6"
      >
        Authors
      </label>
      <div
        className="makeStyles-sortableContainer-8"
      >
         
         
      </div>
    </div>
    <button
      className="MuiButtonBase-root MuiButton-root makeStyles-addEntityButton_root-15 MuiButton-text makeStyles-addAuthorButton-11 MuiButton-textSizeSmall MuiButton-sizeSmall MuiButton-disableElevation"
      disabled={false}
      onBlur={[Function]}
      onClick={[Function]}
      onDragLeave={[Function]}
      onFocus={[Function]}
      onKeyDown={[Function]}
      onKeyUp={[Function]}
      onMouseDown={[Function]}
      onMouseLeave={[Function]}
      onMouseUp={[Function]}
      onTouchEnd={[Function]}
      onTouchMove={[Function]}
      onTouchStart={[Function]}
      tabIndex={0}
      type="button"
    >
      <span
        className="MuiButton-label"
      >
        <span
          className="MuiButton-startIcon makeStyles-addEntityButton_icon-16 MuiButton-iconSizeSmall"
        >
          <svg
            aria-hidden={true}
            className="MuiSvgIcon-root"
            focusable="false"
            viewBox="0 0 24 24"
          >
            <path
              d="M19 13h-6v6h-2v-6H5v-2h6V5h2v6h6v2z"
            />
          </svg>
        </span>
        Author
      </span>
    </button>
  </section>
  <section>
    <div
      className="makeStyles-root-3 makeStyles-plainVariant-5"
    >
      <label
        className="makeStyles-label-6"
      >
        Affiliations
      </label>
    </div>
    <button
      className="MuiButtonBase-root MuiButton-root makeStyles-addEntityButton_root-15 MuiButton-text makeStyles-addButton-17 MuiButton-textSizeSmall MuiButton-sizeSmall MuiButton-disableElevation"
      disabled={false}
      onBlur={[Function]}
      onClick={[Function]}
      onDragLeave={[Function]}
      onFocus={[Function]}
      onKeyDown={[Function]}
      onKeyUp={[Function]}
      onMouseDown={[Function]}
      onMouseLeave={[Function]}
      onMouseUp={[Function]}
      onTouchEnd={[Function]}
      onTouchMove={[Function]}
      onTouchStart={[Function]}
      tabIndex={0}
      type="button"
    >
      <span
        className="MuiButton-label"
      >
        <span
          className="MuiButton-startIcon makeStyles-addEntityButton_icon-16 MuiButton-iconSizeSmall"
        >
          <svg
            aria-hidden={true}
            className="MuiSvgIcon-root"
            focusable="false"
            viewBox="0 0 24 24"
          >
            <path
              d="M19 13h-6v6h-2v-6H5v-2h6V5h2v6h6v2z"
            />
          </svg>
        </span>
        Affiliation
      </span>
    </button>
  </section>
  <div
    className="makeStyles-root-3 makeStyles-plainVariant-5"
  >
    <label
      className="makeStyles-label-6"
    >
      Abstract
    </label>
    <div
      className="prosemirrorContainer"
    />
  </div>
  <section>
    <div
      className="makeStyles-root-3 makeStyles-plainVariant-5"
    >
      <label
        className="makeStyles-label-6"
      >
        Author Information
      </label>
    </div>
    <button
      className="MuiButtonBase-root MuiButton-root makeStyles-addEntityButton_root-15 MuiButton-text makeStyles-addAuthorButton-23 MuiButton-textSizeSmall MuiButton-sizeSmall MuiButton-disableElevation"
      disabled={false}
      onBlur={[Function]}
      onClick={[Function]}
      onDragLeave={[Function]}
      onFocus={[Function]}
      onKeyDown={[Function]}
      onKeyUp={[Function]}
      onMouseDown={[Function]}
      onMouseLeave={[Function]}
      onMouseUp={[Function]}
      onTouchEnd={[Function]}
      onTouchMove={[Function]}
      onTouchStart={[Function]}
      tabIndex={0}
      type="button"
    >
      <span
        className="MuiButton-label"
      >
        <span
          className="MuiButton-startIcon makeStyles-addEntityButton_icon-16 MuiButton-iconSizeSmall"
        >
          <svg
            aria-hidden={true}
            className="MuiSvgIcon-root"
            focusable="false"
            viewBox="0 0 24 24"
          >
            <path
              d="M19 13h-6v6h-2v-6H5v-2h6V5h2v6h6v2z"
            />
          </svg>
        </span>
        Author
      </span>
    </button>
  </section>
</div>
`;
