// Jest Snapshot v1, https://goo.gl/fbAQLP

exports[`Manuscript container renders loading spinner when manuscript is loading 1`] = `
<div
  data-cmp="backdrop"
>
  <div
    data-cmp="circular-progress"
  />
</div>
`;

exports[`Manuscript container renders when data is loaded 1`] = `
Array [
  <nav
    aria-label="mailbox folders"
    className="makeStyles-drawer-1"
  >
    <div
      data-cmp="hidden"
    />
    <div
      data-cmp="hidden"
    />
  </nav>,
  <div
    className="makeStyles-content-7"
  >
    <div
      aria-hidden="true"
      className="makeStyles-toolbarPlaceholder-9"
    />
    <fieldset
      className="makeStyles-root-10 makeStyles-editorSection-8"
    >
      <legend
        className="makeStyles-label-11"
      >
        Title
      </legend>
      <div
        className="prosemirrorContainer"
      />
    </fieldset>
    <fieldset
      className="makeStyles-root-10 makeStyles-editorSection-8"
    >
      <legend
        className="makeStyles-label-11"
      >
        Abstract
      </legend>
      <div
        className="prosemirrorContainer"
      />
    </fieldset>
  </div>,
]
`;
