// Jest Snapshot v1, https://goo.gl/fbAQLP

exports[`manuscript editor should render 1`] = `
<div
  className="makeStyles-content-1"
>
  <div
    aria-hidden="true"
    className="makeStyles-toolbarPlaceholder-3"
  />
  <fieldset
    className="editorview-wrapper makeStyles-editorSection-2"
  >
    <legend
      className="editor-label"
    >
      Title
    </legend>
    <div />
  </fieldset>
  <fieldset
    className="editorview-wrapper makeStyles-editorSection-2"
  >
    <legend
      className="editor-label"
    >
      Abstract
    </legend>
    <div />
  </fieldset>
</div>
`;
