// Jest Snapshot v1, https://goo.gl/fbAQLP

exports[`Manuscript container renders loading spinner when manuscript is loading 1`] = `
<div
  data-cmp="backdrop"
>
  <div
    data-cmp="circular-progress"
  />
</div>
`;

exports[`Manuscript container renders when data is loaded 1`] = `
Array [
  <nav
    aria-label="mailbox folders"
    className="makeStyles-drawer-1"
  >
    <div
      data-cmp="hidden"
    />
    <div
      data-cmp="hidden"
    />
  </nav>,
  <div
    className="makeStyles-contentWrapper-16"
    data-test-id="container-wrapper"
    onClick={[Function]}
  >
    <div
      aria-hidden="true"
      className="makeStyles-toolbarPlaceholder-19"
    />
    <div
      className="makeStyles-content-17"
    >
      <div
        className="makeStyles-root-20 makeStyles-plainVariant-22"
        id="title"
      >
        <label
          className="makeStyles-label-23"
        >
          Title
        </label>
        <div
          className="prosemirrorContainer"
          onClick={[Function]}
        />
      </div>
      <div
        onClick={[Function]}
      >
        <div
          aria-hidden="true"
          className="makeStyles-spacer-18"
          onClick={[Function]}
        />
        <section>
          <div
            className="makeStyles-root-20 makeStyles-plainVariant-22"
            id="authors"
          >
            <label
              className="makeStyles-label-23"
            >
              Authors
            </label>
            <div
              className="makeStyles-sortableContainer-25"
            >
               
               
            </div>
          </div>
        </section>
        <div
          aria-hidden="true"
          className="makeStyles-spacer-18"
          onClick={[Function]}
        />
        <section>
          <div
            className="makeStyles-root-20 makeStyles-plainVariant-22"
            id="affiliations"
          >
            <label
              className="makeStyles-label-23"
            >
              Affiliations
            </label>
            <ul
              className="makeStyles-root-34"
            />
          </div>
        </section>
        <div
          aria-hidden="true"
          className="makeStyles-spacer-18"
          onClick={[Function]}
        />
      </div>
      <div
        className="makeStyles-root-20 makeStyles-plainVariant-22"
        id="abstract"
      >
        <label
          className="makeStyles-label-23"
        >
          Abstract
        </label>
        <div
          className="prosemirrorContainer"
          onClick={[Function]}
        />
      </div>
      <div
        aria-hidden="true"
        className="makeStyles-spacer-18"
        onClick={[Function]}
      />
      <div
        className="makeStyles-root-20 makeStyles-plainVariant-22"
        id="impactStatement"
      >
        <label
          className="makeStyles-label-23"
        >
          Impact statement
        </label>
        <div
          className="prosemirrorContainer"
          onClick={[Function]}
        />
      </div>
      <div
        aria-hidden="true"
        className="makeStyles-spacer-18"
        onClick={[Function]}
      />
      <div
        className="makeStyles-root-20 makeStyles-plainVariant-22"
      >
        <label
          className="makeStyles-label-23"
        >
          Main text
        </label>
        <div
          className="prosemirrorContainer"
          onClick={[Function]}
        />
      </div>
      <div
        aria-hidden="true"
        className="makeStyles-spacer-18"
        onClick={[Function]}
      />
      <div
        className="makeStyles-root-20 makeStyles-plainVariant-22"
        id="acknowledgements"
      >
        <label
          className="makeStyles-label-23"
        >
          Acknowledgements
        </label>
        <div
          className="prosemirrorContainer"
          onClick={[Function]}
        />
      </div>
      <div
        aria-hidden="true"
        className="makeStyles-spacer-18"
        onClick={[Function]}
      />
      <div
        onClick={[Function]}
      >
        <div
          data-cmp="ReferenceList"
        />
        <div
          aria-hidden="true"
          className="makeStyles-spacer-18"
          onClick={[Function]}
        />
        <section>
          <div
            className="makeStyles-root-20 makeStyles-plainVariant-22"
            id="author-details"
          >
            <label
              className="makeStyles-label-23"
            >
              Author Information
            </label>
          </div>
        </section>
        <div
          aria-hidden="true"
          className="makeStyles-spacer-18"
          onClick={[Function]}
        />
        <div
          className="makeStyles-sectionContainer-42 makeStyles-root-20 makeStyles-plainVariant-22"
          id="article-info"
        >
          <label
            className="makeStyles-label-23"
          >
            Article information
          </label>
          <section
            className="makeStyles-infoSection-43"
          >
            <div>
              <strong>
                 Subject(s): 
              </strong>
               
              
            </div>
            <div>
              <strong>
                 Article type: 
              </strong>
               
              
            </div>
            <div>
              <strong>
                 Article DOI: 
              </strong>
               
              
            </div>
            <div>
              <strong>
                 Publisher ID: 
              </strong>
               
              
            </div>
            <div>
              <strong>
                 eLocation ID: 
              </strong>
               
              
            </div>
            <div>
              <strong>
                 Year: 
              </strong>
               
              
            </div>
            <div>
              <strong>
                 Volume: 
              </strong>
               
              
            </div>
            <div>
               
            </div>
            <div>
              <strong>
                 Published: 
              </strong>
               
              
            </div>
            <div>
               
            </div>
            <div />
            <div>
              <span />
            </div>
          </section>
        </div>
        <div
          aria-hidden="true"
          className="makeStyles-spacer-18"
          onClick={[Function]}
        />
        <section>
          <div
            className="makeStyles-root-20 makeStyles-plainVariant-22"
            id="realted-acticles"
          >
            <label
              className="makeStyles-label-23"
            >
              Related articles
            </label>
            <ul
              className="makeStyles-list-46"
            />
          </div>
        </section>
      </div>
    </div>
  </div>,
]
`;
