// Jest Snapshot v1, https://goo.gl/fbAQLP

exports[`manuscript editor should render 1`] = `
<div
  className="makeStyles-content-1"
>
  <div
    aria-hidden="true"
    className="makeStyles-toolbarPlaceholder-3"
  />
  <fieldset
    className="makeStyles-root-4 makeStyles-editorSection-2"
  >
    <legend
      className="makeStyles-label-5"
    >
      Title
    </legend>
    <div
      className="prosemirrorContainer"
    />
  </fieldset>
  <section
    className="makeStyles-root-10"
  >
    <label
      className="makeStyles-label-11"
    >
      Authors
    </label>
    <div
      className="makeStyles-sortableContainer-7"
    >
       
       
    </div>
  </section>
  <fieldset
    className="makeStyles-root-4 makeStyles-editorSection-2"
  >
    <legend
      className="makeStyles-label-5"
    >
      Abstract
    </legend>
    <div
      className="prosemirrorContainer"
    />
  </fieldset>
</div>
`;
