// Jest Snapshot v1, https://goo.gl/fbAQLP

exports[`Manuscript container renders loading spinner when manuscript is loading 1`] = `
<div
  data-cmp="backdrop"
>
  <div
    data-cmp="circular-progress"
  />
</div>
`;

exports[`Manuscript container renders when data is loaded 1`] = `
Array [
  <nav
    aria-label="mailbox folders"
    className="makeStyles-drawer-1"
  >
    <div
      data-cmp="hidden"
    />
    <div
      data-cmp="hidden"
    />
  </nav>,
  <div
    className="makeStyles-content-9"
  >
    <div
      aria-hidden="true"
      className="makeStyles-toolbarPlaceholder-10"
    />
    <div
      className="makeStyles-root-11 makeStyles-plainVariant-13"
    >
      <label
        className="makeStyles-label-14"
      >
        Title
      </label>
      <div
        className="prosemirrorContainer"
      />
    </div>
    <section>
      <div
        className="makeStyles-root-11 makeStyles-plainVariant-13"
      >
        <label
          className="makeStyles-label-14"
        >
          Authors
        </label>
        <div
          className="makeStyles-sortableContainer-16"
        >
           
           
        </div>
      </div>
    </section>
    <section>
      <div
        className="makeStyles-root-11 makeStyles-plainVariant-13"
      >
        <label
          className="makeStyles-label-14"
        >
          Affiliations
        </label>
      </div>
    </section>
    <div
      className="makeStyles-root-11 makeStyles-plainVariant-13"
    >
      <label
        className="makeStyles-label-14"
      >
        Abstract
      </label>
      <div
        className="prosemirrorContainer"
      />
    </div>
    <section>
      <div
        className="makeStyles-root-11 makeStyles-plainVariant-13"
      >
        <label
          className="makeStyles-label-14"
        >
          Author Information
        </label>
      </div>
    </section>
  </div>,
]
`;
