// Jest Snapshot v1, https://goo.gl/fbAQLP

exports[`<ManuscriptTOC> renders 1`] = `
<nav
  aria-label="mailbox folders"
  className="makeStyles-drawer-1"
>
  <div
    data-cmp="hidden"
  >
    <div
      data-cmp="drawer"
    >
      <div>
        <div
          className="makeStyles-toolbar-2"
        />
        <div
          data-cmp="divider"
        />
        <div
          data-cmp="list"
        >
          <div
            data-cmp="list-item"
          >
            <div
              data-cmp="list-item-text"
            />
          </div>
          <div
            data-cmp="list-item"
          >
            <div
              data-cmp="list-item-text"
            />
          </div>
        </div>
      </div>
    </div>
  </div>
  <div
    data-cmp="hidden"
  >
    <div
      data-cmp="drawer"
    >
      <div>
        <div
          className="makeStyles-toolbar-2"
        />
        <div
          data-cmp="divider"
        />
        <div
          data-cmp="list"
        >
          <div
            data-cmp="list-item"
          >
            <div
              data-cmp="list-item-text"
            />
          </div>
          <div
            data-cmp="list-item"
          >
            <div
              data-cmp="list-item-text"
            />
          </div>
        </div>
      </div>
    </div>
  </div>
</nav>
`;

exports[`<ManuscriptTOC> renders when data is loaded 1`] = `
<nav
  aria-label="mailbox folders"
  className="makeStyles-drawer-1"
>
  <div
    data-cmp="hidden"
  >
    <div
      data-cmp="drawer"
    >
      <div>
        <div
          className="makeStyles-toolbar-2"
        />
        <div
          data-cmp="divider"
        />
        <div
          data-cmp="list"
        >
          <div
            data-cmp="list-item"
          >
            <div
              data-cmp="list-item-text"
            />
          </div>
          <div
            data-cmp="list-item"
          >
            <div
              data-cmp="list-item-text"
            />
          </div>
        </div>
      </div>
    </div>
  </div>
  <div
    data-cmp="hidden"
  >
    <div
      data-cmp="drawer"
    >
      <div>
        <div
          className="makeStyles-toolbar-2"
        />
        <div
          data-cmp="divider"
        />
        <div
          data-cmp="list"
        >
          <div
            data-cmp="list-item"
          >
            <div
              data-cmp="list-item-text"
            />
          </div>
          <div
            data-cmp="list-item"
          >
            <div
              data-cmp="list-item-text"
            />
          </div>
        </div>
      </div>
    </div>
  </div>
</nav>
`;
