// Jest Snapshot v1, https://goo.gl/fbAQLP

exports[`Related Article Form Dialog renders related article form 1`] = `
<section
  className="makeStyles-root-1"
>
  <div
    data-cmp="TextField"
  />
  <div
    data-cmp="FormControl"
  >
    <div
      data-cmp="InputLabel"
    >
      Article type
    </div>
    <div
      data-cmp="Index"
    >
      <div
        data-cmp="MenuItem"
      >
        Please select
      </div>
      <div
        data-cmp="MenuItem"
      >
        article-reference
      </div>
      <div
        data-cmp="MenuItem"
      >
        commentary
      </div>
      <div
        data-cmp="MenuItem"
      >
        commentary-article
      </div>
      <div
        data-cmp="MenuItem"
      >
        corrected-article
      </div>
      <div
        data-cmp="MenuItem"
      >
        retracted-article
      </div>
    </div>
  </div>
  <div
    className="makeStyles-buttonPanel-3"
  >
    <div
      aria-hidden={true}
      className="makeStyles-spacer-4"
    />
    <div
      data-cmp="Button"
    />
    <div
      data-cmp="Button"
    />
  </div>
</section>
`;
