// Jest Snapshot v1, https://goo.gl/fbAQLP

exports[`Prompt Dialog renders section container 1`] = `
<div
  className="makeStyles-root-1 makeStyles-plainVariant-3"
>
  <label
    className="makeStyles-label-4"
  >
    test
  </label>
  <div />
</div>
`;

exports[`Prompt Dialog renders section container 2`] = `
<div
  className="makeStyles-root-1 makeStyles-plainVariant-3"
>
  <label
    className="makeStyles-label-4"
  >
    test
  </label>
  <div />
</div>
`;
