// Jest Snapshot v1, https://goo.gl/fbAQLP

exports[`Author Form Dialog renders edit author dialog form 1`] = `
<section
  className="makeStyles-root-1"
>
  <div
    data-cmp="TextField"
  />
  <div
    data-cmp="TextField"
  />
  <div
    data-cmp="TextField"
  />
  <div
    data-cmp="TextField"
  />
  <div
    className="makeStyles-inputField-2"
  >
    <div
      data-cmp="Menu"
    >
      <div
        data-cmp="MenuItem"
      >
        Edit Affiliation
      </div>
      <div
        data-cmp="MenuItem"
      >
        Remove Affiliation
      </div>
    </div>
    <div
      data-cmo="Button"
    />
  </div>
  <div
    className="makeStyles-buttonPanel-3"
  >
    <div
      data-cmo="Button"
    />
    <div
      aria-hidden={true}
      className="makeStyles-spacer-4"
    />
    <div
      data-cmo="Button"
    />
    <div
      data-cmo="Button"
    />
  </div>
</section>
`;

exports[`Author Form Dialog renders new author dialog form 1`] = `
<section
  className="makeStyles-root-1"
>
  <div
    data-cmp="TextField"
  />
  <div
    data-cmp="TextField"
  />
  <div
    data-cmp="TextField"
  />
  <div
    data-cmp="TextField"
  />
  <div
    className="makeStyles-inputField-2"
  >
    <div
      data-cmp="Menu"
    >
      <div
        data-cmp="MenuItem"
      >
        Edit Affiliation
      </div>
      <div
        data-cmp="MenuItem"
      >
        Remove Affiliation
      </div>
    </div>
    <div
      data-cmo="Button"
    />
  </div>
  <div
    className="makeStyles-buttonPanel-3"
  >
    <div
      aria-hidden={true}
      className="makeStyles-spacer-4"
    />
    <div
      data-cmo="Button"
    />
    <div
      data-cmo="Button"
    />
  </div>
</section>
`;
