// Jest Snapshot v1, https://goo.gl/fbAQLP

exports[`Reference form dialog renders form 1`] = `
<section
  className="makeStyles-root-1"
>
  <div
    data-cmp="FormControl"
  >
    <div
      data-cmp="InputLabel"
    >
      Reference type
    </div>
    <div
      data-cmp="Index"
    >
      <div
        data-cmp="MenuItem"
      >
        Please select
      </div>
      <div
        data-cmp="MenuItem"
      >
        Journal Article
      </div>
      <div
        data-cmp="MenuItem"
      >
        Book
      </div>
      <div
        data-cmp="MenuItem"
      >
        Data
      </div>
      <div
        data-cmp="MenuItem"
      >
        Software
      </div>
      <div
        data-cmp="MenuItem"
      >
        Preprint
      </div>
      <div
        data-cmp="MenuItem"
      >
        Web Article
      </div>
      <div
        data-cmp="MenuItem"
      >
        Conference proceedings
      </div>
      <div
        data-cmp="MenuItem"
      >
        Report
      </div>
      <div
        data-cmp="MenuItem"
      >
        Thesis
      </div>
      <div
        data-cmp="MenuItem"
      >
        Patent
      </div>
      <div
        data-cmp="MenuItem"
      >
        Periodical Article
      </div>
    </div>
  </div>
  <section
    className="makeStyles-inputField-2"
  >
     
    <section
      className="makeStyles-contributorInputFields-12"
    >
      <img
        alt="drag handle"
        aria-hidden={true}
        className="drag-handle"
        src="drag-indicator-grey.svg"
      />
      <div
        data-cmp="TextField"
      />
      <div
        data-cmp="TextField"
      />
      <div
        data-cmp="iconButton"
      >
        <svg
          aria-hidden={true}
          className="MuiSvgIcon-root MuiSvgIcon-fontSizeSmall"
          focusable="false"
          viewBox="0 0 24 24"
        >
          <path
            d="M12 8c1.1 0 2-.9 2-2s-.9-2-2-2-2 .9-2 2 .9 2 2 2zm0 2c-1.1 0-2 .9-2 2s.9 2 2 2 2-.9 2-2-.9-2-2-2zm0 6c-1.1 0-2 .9-2 2s.9 2 2 2 2-.9 2-2-.9-2-2-2z"
          />
        </svg>
      </div>
      <div
        data-cmp="Menu"
      >
        <div
          data-cmp="MenuItem"
        >
          Set to group author
        </div>
        <div
          data-cmp="MenuItem"
        >
          Delete 
          author
        </div>
      </div>
    </section>
    <section
      className="makeStyles-contributorInputFields-12"
    >
      <img
        alt="drag handle"
        aria-hidden={true}
        className="drag-handle"
        src="drag-indicator-grey.svg"
      />
      <div
        data-cmp="TextField"
      />
      <div
        data-cmp="iconButton"
      >
        <svg
          aria-hidden={true}
          className="MuiSvgIcon-root MuiSvgIcon-fontSizeSmall"
          focusable="false"
          viewBox="0 0 24 24"
        >
          <path
            d="M12 8c1.1 0 2-.9 2-2s-.9-2-2-2-2 .9-2 2 .9 2 2 2zm0 2c-1.1 0-2 .9-2 2s.9 2 2 2 2-.9 2-2-.9-2-2-2zm0 6c-1.1 0-2 .9-2 2s.9 2 2 2 2-.9 2-2-.9-2-2-2z"
          />
        </svg>
      </div>
      <div
        data-cmp="Menu"
      >
        <div
          data-cmp="MenuItem"
        >
          Set to individual author
        </div>
        <div
          data-cmp="MenuItem"
        >
          Delete 
          author
        </div>
      </div>
    </section>
    <div
      data-cmp="Button"
    >
      Add Author
    </div>
     
  </section>
  <div
    className="makeStyles-inputField-2 container"
  >
    <div
      data-cmp="TextField"
    />
    <div
      data-cmp="RichTextInput"
    />
    <div
      data-cmp="RichTextInput"
    />
    <div
      data-cmp="TextField"
    />
    <div
      data-cmp="TextField"
    />
    <div
      data-cmp="TextField"
    />
    <div
      data-cmp="TextField"
    />
    <div
      data-cmp="TextField"
    />
    <div
      data-cmp="TextField"
    />
    <div
      data-cmp="FormControlLabel"
    />
  </div>
  <div
    className="makeStyles-buttonPanel-8"
  >
    <div
      data-cmp="Button"
    >
      Delete
    </div>
    <div
      aria-hidden={true}
      className="makeStyles-spacer-9"
    />
    <div
      data-cmp="Button"
    >
      Cancel
    </div>
    <div
      data-cmp="Button"
    >
      Done
    </div>
  </div>
</section>
`;
