// Jest Snapshot v1, https://goo.gl/fbAQLP

exports[`Reference Contributors List should add a new contributor entry 1`] = `
<section
  className="class-name"
>
   
  <section
    className="makeStyles-contributorInputFields-1"
  >
    <img
      alt="drag handle"
      aria-hidden={true}
      className="drag-handle"
      src="drag-indicator-grey.svg"
    />
    <div
      data-cmp="TextField"
    />
    <div
      data-cmp="TextField"
    />
    <div
      data-cmp="iconButton"
    />
    <div
      data-cmp="Menu"
    >
      <div
        data-cmp="MenuItem"
      >
        Set to group contributor
      </div>
      <div
        data-cmp="MenuItem"
      >
        Delete 
        contributor
      </div>
    </div>
  </section>
  <section
    className="makeStyles-contributorInputFields-1"
  >
    <img
      alt="drag handle"
      aria-hidden={true}
      className="drag-handle"
      src="drag-indicator-grey.svg"
    />
    <div
      data-cmp="TextField"
    />
    <div
      data-cmp="TextField"
    />
    <div
      data-cmp="iconButton"
    />
    <div
      data-cmp="Menu"
    >
      <div
        data-cmp="MenuItem"
      >
        Set to group contributor
      </div>
      <div
        data-cmp="MenuItem"
      >
        Delete 
        contributor
      </div>
    </div>
  </section>
  <section
    className="makeStyles-contributorInputFields-1"
  >
    <img
      alt="drag handle"
      aria-hidden={true}
      className="drag-handle"
      src="drag-indicator-grey.svg"
    />
    <div
      data-cmp="TextField"
    />
    <div
      data-cmp="iconButton"
    />
    <div
      data-cmp="Menu"
    >
      <div
        data-cmp="MenuItem"
      >
        Set to individual contributor
      </div>
      <div
        data-cmp="MenuItem"
      >
        Delete 
        contributor
      </div>
    </div>
  </section>
  <div
    data-cmp="Button"
  />
   
</section>
`;

exports[`Reference Contributors List should delete contributor 1`] = `
<section
  className="class-name"
>
   
  <section
    className="makeStyles-contributorInputFields-1"
  >
    <img
      alt="drag handle"
      aria-hidden={true}
      className="drag-handle"
      src="drag-indicator-grey.svg"
    />
    <div
      data-cmp="TextField"
    />
    <div
      data-cmp="TextField"
    />
    <div
      data-cmp="iconButton"
    />
    <div
      data-cmp="Menu"
    >
      <div
        data-cmp="MenuItem"
      >
        Set to group contributor
      </div>
      <div
        data-cmp="MenuItem"
      >
        Delete 
        contributor
      </div>
    </div>
  </section>
  <section
    className="makeStyles-contributorInputFields-1"
  >
    <img
      alt="drag handle"
      aria-hidden={true}
      className="drag-handle"
      src="drag-indicator-grey.svg"
    />
    <div
      data-cmp="TextField"
    />
    <div
      data-cmp="TextField"
    />
    <div
      data-cmp="iconButton"
    />
    <div
      data-cmp="Menu"
    >
      <div
        data-cmp="MenuItem"
      >
        Set to group contributor
      </div>
      <div
        data-cmp="MenuItem"
      >
        Delete 
        contributor
      </div>
    </div>
  </section>
  <section
    className="makeStyles-contributorInputFields-1"
  >
    <img
      alt="drag handle"
      aria-hidden={true}
      className="drag-handle"
      src="drag-indicator-grey.svg"
    />
    <div
      data-cmp="TextField"
    />
    <div
      data-cmp="iconButton"
    />
    <div
      data-cmp="Menu"
    >
      <div
        data-cmp="MenuItem"
      >
        Set to individual contributor
      </div>
      <div
        data-cmp="MenuItem"
      >
        Delete 
        contributor
      </div>
    </div>
  </section>
  <div
    data-cmp="Button"
  />
   
</section>
`;

exports[`Reference Contributors List should render a list 1`] = `
<section
  className="class-name"
>
   
  <section
    className="makeStyles-contributorInputFields-1"
  >
    <img
      alt="drag handle"
      aria-hidden={true}
      className="drag-handle"
      src="drag-indicator-grey.svg"
    />
    <div
      data-cmp="TextField"
    />
    <div
      data-cmp="TextField"
    />
    <div
      data-cmp="iconButton"
    />
    <div
      data-cmp="Menu"
    >
      <div
        data-cmp="MenuItem"
      >
        Set to group contributor
      </div>
      <div
        data-cmp="MenuItem"
      >
        Delete 
        contributor
      </div>
    </div>
  </section>
  <section
    className="makeStyles-contributorInputFields-1"
  >
    <img
      alt="drag handle"
      aria-hidden={true}
      className="drag-handle"
      src="drag-indicator-grey.svg"
    />
    <div
      data-cmp="TextField"
    />
    <div
      data-cmp="TextField"
    />
    <div
      data-cmp="iconButton"
    />
    <div
      data-cmp="Menu"
    >
      <div
        data-cmp="MenuItem"
      >
        Set to group contributor
      </div>
      <div
        data-cmp="MenuItem"
      >
        Delete 
        contributor
      </div>
    </div>
  </section>
  <section
    className="makeStyles-contributorInputFields-1"
  >
    <img
      alt="drag handle"
      aria-hidden={true}
      className="drag-handle"
      src="drag-indicator-grey.svg"
    />
    <div
      data-cmp="TextField"
    />
    <div
      data-cmp="iconButton"
    />
    <div
      data-cmp="Menu"
    >
      <div
        data-cmp="MenuItem"
      >
        Set to individual contributor
      </div>
      <div
        data-cmp="MenuItem"
      >
        Delete 
        contributor
      </div>
    </div>
  </section>
  <div
    data-cmp="Button"
  />
   
</section>
`;

exports[`Reference Contributors List should toggle contributor type to group author 1`] = `
<section
  className="class-name"
>
   
  <section
    className="makeStyles-contributorInputFields-1"
  >
    <img
      alt="drag handle"
      aria-hidden={true}
      className="drag-handle"
      src="drag-indicator-grey.svg"
    />
    <div
      data-cmp="TextField"
    />
    <div
      data-cmp="TextField"
    />
    <div
      data-cmp="iconButton"
    />
    <div
      data-cmp="Menu"
    >
      <div
        data-cmp="MenuItem"
      >
        Set to group contributor
      </div>
      <div
        data-cmp="MenuItem"
      >
        Delete 
        contributor
      </div>
    </div>
  </section>
  <section
    className="makeStyles-contributorInputFields-1"
  >
    <img
      alt="drag handle"
      aria-hidden={true}
      className="drag-handle"
      src="drag-indicator-grey.svg"
    />
    <div
      data-cmp="TextField"
    />
    <div
      data-cmp="TextField"
    />
    <div
      data-cmp="iconButton"
    />
    <div
      data-cmp="Menu"
    >
      <div
        data-cmp="MenuItem"
      >
        Set to group contributor
      </div>
      <div
        data-cmp="MenuItem"
      >
        Delete 
        contributor
      </div>
    </div>
  </section>
  <section
    className="makeStyles-contributorInputFields-1"
  >
    <img
      alt="drag handle"
      aria-hidden={true}
      className="drag-handle"
      src="drag-indicator-grey.svg"
    />
    <div
      data-cmp="TextField"
    />
    <div
      data-cmp="iconButton"
    />
    <div
      data-cmp="Menu"
    >
      <div
        data-cmp="MenuItem"
      >
        Set to individual contributor
      </div>
      <div
        data-cmp="MenuItem"
      >
        Delete 
        contributor
      </div>
    </div>
  </section>
  <div
    data-cmp="Button"
  />
   
</section>
`;

exports[`Reference Contributors List should toggle contributor type to individual author 1`] = `
<section
  className="class-name"
>
   
  <section
    className="makeStyles-contributorInputFields-1"
  >
    <img
      alt="drag handle"
      aria-hidden={true}
      className="drag-handle"
      src="drag-indicator-grey.svg"
    />
    <div
      data-cmp="TextField"
    />
    <div
      data-cmp="TextField"
    />
    <div
      data-cmp="iconButton"
    />
    <div
      data-cmp="Menu"
    >
      <div
        data-cmp="MenuItem"
      >
        Set to group contributor
      </div>
      <div
        data-cmp="MenuItem"
      >
        Delete 
        contributor
      </div>
    </div>
  </section>
  <section
    className="makeStyles-contributorInputFields-1"
  >
    <img
      alt="drag handle"
      aria-hidden={true}
      className="drag-handle"
      src="drag-indicator-grey.svg"
    />
    <div
      data-cmp="TextField"
    />
    <div
      data-cmp="TextField"
    />
    <div
      data-cmp="iconButton"
    />
    <div
      data-cmp="Menu"
    >
      <div
        data-cmp="MenuItem"
      >
        Set to group contributor
      </div>
      <div
        data-cmp="MenuItem"
      >
        Delete 
        contributor
      </div>
    </div>
  </section>
  <section
    className="makeStyles-contributorInputFields-1"
  >
    <img
      alt="drag handle"
      aria-hidden={true}
      className="drag-handle"
      src="drag-indicator-grey.svg"
    />
    <div
      data-cmp="TextField"
    />
    <div
      data-cmp="iconButton"
    />
    <div
      data-cmp="Menu"
    >
      <div
        data-cmp="MenuItem"
      >
        Set to individual contributor
      </div>
      <div
        data-cmp="MenuItem"
      >
        Delete 
        contributor
      </div>
    </div>
  </section>
  <div
    data-cmp="Button"
  />
   
</section>
`;
