// Jest Snapshot v1, https://goo.gl/fbAQLP

exports[`App container renders 1`] = `
<div
  data-cmp="ConnectedRouter"
>
  <main
    className="app-container"
    role="application"
  >
    <div
      data-cmp="Switch"
    >
      <div
        data-cmp="Route"
      >
        <div
          data-cmp="manuscript"
        />
      </div>
    </div>
  </main>
</div>
`;
