// Jest Snapshot v1, https://goo.gl/fbAQLP

exports[`Authors info details renders authors list 1`] = `
<section>
  <div
    className="makeStyles-root-2 makeStyles-plainVariant-4"
  >
    <label
      className="makeStyles-label-5"
    >
      Author Information
    </label>
    <section
      className="makeStyles-root-7"
    >
      <div>
        <div
          className="makeStyles-authorInfoLine-9"
        >
          <strong>
             
            Fred Atherden
             
          </strong>
        </div>
        <div
          className="makeStyles-authorInfoLine-9"
        >
          Corresponding Author: 
          test@example.com
        </div>
        <div
          className="makeStyles-authorInfoLine-9"
        />
        <div
          className="makeStyles-authorInfoLine-9"
        >
           
          <a
            href="https://orcid.org/undefined"
            rel="noopener noreferrer"
            target="_blank"
          />
        </div>
        <div
          className="makeStyles-authorInfoLine-9"
        >
          Competing interest: Works at eLife
        </div>
      </div>
      <div
        data-cmp="IconButton"
      />
    </section>
    <section
      className="makeStyles-root-7"
    >
      <div>
        <div
          className="makeStyles-authorInfoLine-9"
        >
          <strong>
             
            Jeanine Smith
             
          </strong>
        </div>
        <div
          className="makeStyles-authorInfoLine-9"
        />
        <div
          className="makeStyles-authorInfoLine-9"
        />
        <div
          className="makeStyles-authorInfoLine-9"
        >
           
          <a
            href="https://orcid.org/undefined"
            rel="noopener noreferrer"
            target="_blank"
          />
        </div>
        <div
          className="makeStyles-authorInfoLine-9"
        >
          No Competing interest declared
        </div>
      </div>
      <div
        data-cmp="IconButton"
      />
    </section>
  </div>
  <div
    data-cmp="Button"
  />
</section>
`;
